/home/runner/work/SpringBootDemo/SpringBootDemo/src/test/java/com/example/cucumberspring1/runner/TestRunner.java
/home/runner/work/SpringBootDemo/SpringBootDemo/src/test/java/com/example/cucumberspring1/pages/HomePage.java
/home/runner/work/SpringBootDemo/SpringBootDemo/src/test/java/com/example/cucumberspring1/SpringTestNGTest.java
/home/runner/work/SpringBootDemo/SpringBootDemo/src/test/java/com/example/cucumberspring1/CucumberSpring1ApplicationTests.java
/home/runner/work/SpringBootDemo/SpringBootDemo/src/test/java/com/example/cucumberspring1/steps/Hooks.java
/home/runner/work/SpringBootDemo/SpringBootDemo/src/test/java/com/example/cucumberspring1/pages/LoginPage.java
/home/runner/work/SpringBootDemo/SpringBootDemo/src/test/java/com/example/cucumberspring1/steps/LoginSteps.java
/home/runner/work/SpringBootDemo/SpringBootDemo/src/test/java/com/example/cucumberspring1/pages/MainPage.java
/home/runner/work/SpringBootDemo/SpringBootDemo/src/test/java/com/example/cucumberspring1/pages/BasePage.java
/home/runner/work/SpringBootDemo/SpringBootDemo/src/test/java/com/example/cucumberspring1/SpringTestNGTest_Dup.java
/home/runner/work/SpringBootDemo/SpringBootDemo/src/test/java/com/example/cucumberspring1/steps/CucumberTestContextConfig.java
